// Bun Snapshot v1, https://bun.sh/docs/test/snapshots

exports[`NoCodeOfConductLanding captures a stable semantic snapshot of the manifesto content 1`] = `
{
  "articleHeadings": [
    "Assume competence",
    "Speak plainly",
    "Repair quickly",
    "Share stewardship",
    "No symbolic adulthood.",
    "A culture people can co-own.",
  ],
  "footer": "Built with Bun, Astro, Primer Brand UI, and deployed via GitHub Pages.",
  "governanceTerms": [
    "Say what the problem is.",
    "Assume the other person can hear it.",
    "Repair damage when it happens.",
    "Protect the work and the relationship together.",
  ],
  "heading": "A code of conduct adults can own.",
}
`;
